main.c:75:6:clearCol	8	static
main.c:86:6:clearRow	8	static
main.c:97:6:enableColums	16	static
main.c:132:6:setColums	24	static
main.c:138:6:updateLEDMatrix	16	static
main.c:173:6:shiftLeft	24	static
main.c:179:6:isemptyMatrix	24	static
main.c:188:6:resetMatrix	16	static
main.c:194:5:main	8	static
main.c:298:6:SystemClock_Config	72	static
main.c:334:13:MX_TIM2_Init	32	static
main.c:379:13:MX_GPIO_Init	32	static
main.c:428:6:HAL_TIM_PeriodElapsedCallback	16	static
main.c:439:6:Error_Handler	4	static,ignoring_inline_asm
