main.c:75:6:clearCol	8	static
main.c:87:6:clearRow	8	static
main.c:99:6:enCol	16	static
main.c:137:6:setCol	24	static
main.c:145:6:updateLEDMatrix	16	static
main.c:182:6:shiftLeft	24	static
main.c:190:6:isemptyMatrix	24	static
main.c:202:6:resetMatrix	16	static
main.c:210:5:main	24	static
main.c:321:6:SystemClock_Config	72	static
main.c:357:13:MX_TIM2_Init	32	static
main.c:402:13:MX_GPIO_Init	32	static
main.c:451:6:HAL_TIM_PeriodElapsedCallback	16	static
main.c:462:6:Error_Handler	4	static,ignoring_inline_asm
